%!Adobe-FontList 1.16
%Locale:0x813

%BeginFont
Handler:DirectoryHandler
FontType:Type1
FontName:MinionPro-Regular
FamilyName:Minion Pro
StyleName:Regular
FullName:Minion Pro
MenuName:Minion Pro
StyleBits:0
WritingScript:Roman
OutlineFileName:C:\Users\DeWulf\Desktop\wireframes map\Document fonts\MinionPro-Regular.otf
DataFormat:sfntData
UsesStandardEncoding:yes
isCFF:yes
FileLength:218640
FileModTime:1432843536
WeightClass:400
WidthClass:5
AngleClass:0
DesignSize:110
NameArray:0,Mac,4,Minion Pro
NameArray:0,Win,1,Minion Pro
%EndFont

%BeginFont
Handler:DirectoryHandler
FontType:Type1
FontName:Montserrat-Bold
FamilyName:Montserrat
StyleName:Bold
FullName:Montserrat Bold
MenuName:Montserrat
StyleBits:2
WritingScript:Roman
OutlineFileName:C:\Users\DeWulf\Desktop\wireframes map\Document fonts\Montserrat-Bold.otf
DataFormat:sfntData
UsesStandardEncoding:yes
isCFF:yes
FileLength:93452
FileModTime:1482170935
WeightClass:700
WidthClass:5
AngleClass:0
NameArray:0,Mac,4,Montserrat Bold
NameArray:0,Win,1,Montserrat
%EndFont

%BeginFont
Handler:DirectoryHandler
FontType:Type1
FontName:Montserrat-ExtraLight
FamilyName:Montserrat
StyleName:ExtraLight
FullName:Montserrat ExtraLight
MenuName:Montserrat ExtraLight
StyleBits:0
WritingScript:Roman
OutlineFileName:C:\Users\DeWulf\Desktop\wireframes map\Document fonts\Montserrat-ExtraLight.otf
DataFormat:sfntData
UsesStandardEncoding:yes
isCFF:yes
FileLength:88088
FileModTime:1482154749
WeightClass:275
WidthClass:5
AngleClass:0
NameArray:0,Mac,4,Montserrat ExtraLight
NameArray:0,Win,1,Montserrat ExtraLight
NameArray:0,Win,16,Montserrat
%EndFont

%BeginFont
Handler:DirectoryHandler
FontType:Type1
FontName:Montserrat-Light
FamilyName:Montserrat
StyleName:Light
FullName:Montserrat Light
MenuName:Montserrat Light
StyleBits:0
WritingScript:Roman
OutlineFileName:C:\Users\DeWulf\Desktop\wireframes map\Document fonts\Montserrat-Light.otf
DataFormat:sfntData
UsesStandardEncoding:yes
isCFF:yes
FileLength:91496
FileModTime:1482154749
WeightClass:300
WidthClass:5
AngleClass:0
NameArray:0,Mac,4,Montserrat Light
NameArray:0,Win,1,Montserrat Light
NameArray:0,Win,16,Montserrat
%EndFont

%BeginFont
Handler:DirectoryHandler
FontType:Type1
FontName:Montserrat-Regular
FamilyName:Montserrat
StyleName:Regular
FullName:Montserrat Regular
MenuName:Montserrat
StyleBits:0
WritingScript:Roman
OutlineFileName:C:\Users\DeWulf\Desktop\wireframes map\Document fonts\Montserrat-Regular.otf
DataFormat:sfntData
UsesStandardEncoding:yes
isCFF:yes
FileLength:93516
FileModTime:1482154749
WeightClass:400
WidthClass:5
AngleClass:0
NameArray:0,Mac,4,Montserrat Regular
NameArray:0,Win,1,Montserrat
%EndFont

%BeginFont
Handler:DirectoryHandler
FontType:TrueType
FontName:Roboto-Light
FamilyName:Roboto
StyleName:Light
FullName:Roboto Light
MenuName:Roboto Lt
StyleBits:0
WritingScript:Roman
OutlineFileName:C:\Users\DeWulf\Desktop\wireframes map\Document fonts\Roboto-Light.ttf
DataFormat:sfntData
FileLength:162636
FileModTime:1466325925
WeightClass:300
WidthClass:5
AngleClass:0
NameArray:0,Mac,18,Roboto Light
NameArray:0,Mac,4,Roboto Light
NameArray:0,Win,1,Roboto Lt
NameArray:0,Win,16,Roboto
%EndFont

%BeginFont
Handler:DirectoryHandler
FontType:TrueType
FontName:Roboto-Regular
FamilyName:Roboto
StyleName:Regular
FullName:Roboto Regular
MenuName:Roboto
StyleBits:0
WritingScript:Roman
OutlineFileName:C:\Users\DeWulf\Desktop\wireframes map\Document fonts\Roboto-Regular.ttf
DataFormat:sfntData
FileLength:158604
FileModTime:1466325930
WeightClass:400
WidthClass:5
AngleClass:0
NameArray:0,Mac,18,Roboto Regular
NameArray:0,Mac,4,Roboto Regular
NameArray:0,Win,1,Roboto
%EndFont

%BeginFont
Handler:DirectoryHandler
FontType:TrueType
FontName:Roboto-Thin
FamilyName:Roboto
StyleName:Thin
FullName:Roboto Thin
MenuName:Roboto Th
StyleBits:0
WritingScript:Roman
OutlineFileName:C:\Users\DeWulf\Desktop\wireframes map\Document fonts\Roboto-Thin.ttf
DataFormat:sfntData
FileLength:122512
FileModTime:1466325935
WeightClass:250
WidthClass:5
AngleClass:0
NameArray:0,Mac,18,Roboto Thin
NameArray:0,Mac,4,Roboto Thin
NameArray:0,Win,1,Roboto Th
NameArray:0,Win,16,Roboto
%EndFont

%BeginFont
Handler:DirectoryHandler
FontType:Type1
FontName:UniSansHeavyCAPS
FamilyName:Uni Sans
StyleName:Heavy CAPS
FullName:Uni Sans Heavy CAPS
MenuName:Uni Sans Heavy CAPS
StyleBits:0
WritingScript:Roman
OutlineFileName:C:\Users\DeWulf\Desktop\wireframes map\Document fonts\Uni Sans Heavy.otf
DataFormat:sfntData
UsesStandardEncoding:yes
isCFF:yes
FileLength:113772
FileModTime:1490200749
WeightClass:900
WidthClass:5
AngleClass:0
NameArray:0,Mac,4,Uni Sans Heavy CAPS
NameArray:0,Win,1,Uni Sans Heavy CAPS
NameArray:0,Win,16,Uni Sans
%EndFont

%BeginFont
Handler:DirectoryHandler
FontType:Type1
FontName:UniSansThinCAPS
FamilyName:Uni Sans
StyleName:Thin CAPS
FullName:Uni Sans Thin CAPS
MenuName:Uni Sans Thin CAPS
StyleBits:0
WritingScript:Roman
OutlineFileName:C:\Users\DeWulf\Desktop\wireframes map\Document fonts\Uni Sans Thin.otf
DataFormat:sfntData
UsesStandardEncoding:yes
isCFF:yes
FileLength:114344
FileModTime:1490200756
WeightClass:250
WidthClass:5
AngleClass:0
NameArray:0,Mac,4,Uni Sans Thin CAPS
NameArray:0,Win,1,Uni Sans Thin CAPS
NameArray:0,Win,16,Uni Sans
%EndFont

